 libconfig_d

 Timestamp is 60afd1d9 (Thu May 27 20:07:37 2021)

 Preferred load address is 10000000

 Start         Length     Name                   Class
 0001:00000000 0000a0fdH .text$mn                CODE
 0002:00000000 00000104H .CRT$XCA                DATA
 0002:00000104 00000104H .CRT$XCZ                DATA
 0002:00000208 00000104H .CRT$XIA                DATA
 0002:0000030c 00000104H .CRT$XIZ                DATA
 0002:00000410 00000104H .CRT$XPA                DATA
 0002:00000514 00000104H .CRT$XPZ                DATA
 0002:00000618 00000104H .CRT$XTA                DATA
 0002:0000071c 00000104H .CRT$XTZ                DATA
 0002:00000820 00001310H .rdata                  DATA
 0002:00001b30 00000104H .rdata$sxdata           DATA
 0002:00001c34 0000018cH .rdata$zzzdbg           DATA
 0002:00001dc0 00000104H .rtc$IAA                DATA
 0002:00001ec4 00000104H .rtc$IZZ                DATA
 0002:00001fc8 00000104H .rtc$TAA                DATA
 0002:000020cc 00000104H .rtc$TZZ                DATA
 0002:000021d0 00000190H .xdata$x                DATA
 0002:00002360 00000b5eH .edata                  DATA
 0003:00000000 00000148H .data                   DATA
 0003:00000148 00000458H .bss                    DATA
 0004:00000000 000001fcH .idata$5                DATA
 0004:000001fc 00000050H .idata$2                DATA
 0004:0000024c 00000014H .idata$3                DATA
 0004:00000260 000001fcH .idata$4                DATA
 0004:0000045c 00000625H .idata$6                DATA
 0005:00000000 00000104H .00cfg                  DATA
 0006:00000000 00000170H .rsrc$01                DATA
 0006:00000170 000002ccH .rsrc$02                DATA

  Address         Publics by Value              Rva+Base       Lib:Object

 0000:00000000       ___hybrid_code_map_count   00000000     <absolute>
 0000:00000000       ___guard_longjmp_count     00000000     <absolute>
 0000:00000000       ___hybrid_code_map         00000000     <absolute>
 0000:00000000       ___dynamic_value_reloc_table 00000000     <absolute>
 0000:00000000       ___volatile_metadata       00000000     <absolute>
 0000:00000000       ___enclave_config          00000000     <absolute>
 0000:00000000       ___guard_iat_count         00000000     <absolute>
 0000:00000000       ___guard_iat_table         00000000     <absolute>
 0000:00000000       ___guard_longjmp_table     00000000     <absolute>
 0000:00000000       ___AbsoluteZero            00000000     <absolute>
 0000:00000000       ___hybrid_auxiliary_iat    00000000     <absolute>
 0000:00000000       ___guard_fids_table        00000000     <absolute>
 0000:00000000       ___guard_fids_count        00000000     <absolute>
 0000:00000001       ___safe_se_handler_count   00000001     <absolute>
 0000:00000100       ___guard_flags             00000100     <absolute>
 0000:00000000       ___ImageBase               10000000     <linker-defined>
 0001:000007e0       _libconfig_yyerror         100017e0 f   grammar.obj
 0001:00000820       _libconfig_yyparse         10001820 f   grammar.obj
 0001:00001430       _DllMain@12                10002430 f   libconfig.obj
 0001:00002130       ___local_stdio_printf_options 10003130 f i libconfig.obj
 0001:00002140       _config_clear              10003140 f   libconfig.obj
 0001:00002190       _config_default_include_func 10003190 f   libconfig.obj
 0001:000022a0       _config_destroy            100032a0 f   libconfig.obj
 0001:000022e0       _config_get_float_precision 100032e0 f   libconfig.obj
 0001:000022f0       _config_get_option         100032f0 f   libconfig.obj
 0001:00002310       _config_get_options        10003310 f   libconfig.obj
 0001:00002320       _config_get_tab_width      10003320 f   libconfig.obj
 0001:00002330       _config_init               10003330 f   libconfig.obj
 0001:000023a0       _config_lookup             100033a0 f   libconfig.obj
 0001:000023c0       _config_lookup_bool        100033c0 f   libconfig.obj
 0001:00002400       _config_lookup_float       10003400 f   libconfig.obj
 0001:00002430       _config_lookup_int         10003430 f   libconfig.obj
 0001:00002460       _config_lookup_int64       10003460 f   libconfig.obj
 0001:00002490       _config_lookup_string      10003490 f   libconfig.obj
 0001:000024d0       _config_read               100034d0 f   libconfig.obj
 0001:000024f0       _config_read_file          100034f0 f   libconfig.obj
 0001:000025d0       _config_read_string        100035d0 f   libconfig.obj
 0001:000025f0       _config_set_destructor     100035f0 f   libconfig.obj
 0001:00002610       _config_set_float_precision 10003610 f   libconfig.obj
 0001:00002630       _config_set_hook           10003630 f   libconfig.obj
 0001:00002650       _config_set_include_dir    10003650 f   libconfig.obj
 0001:00002680       _config_set_include_func   10003680 f   libconfig.obj
 0001:000026a0       _config_set_option         100036a0 f   libconfig.obj
 0001:000026d0       _config_set_options        100036d0 f   libconfig.obj
 0001:000026f0       _config_set_tab_width      100036f0 f   libconfig.obj
 0001:00002720       _config_setting_add        10003720 f   libconfig.obj
 0001:00002920       _config_setting_get_bool   10003920 f   libconfig.obj
 0001:00002940       _config_setting_get_bool_elem 10003940 f   libconfig.obj
 0001:000029a0       _config_setting_get_elem   100039a0 f   libconfig.obj
 0001:000029f0       _config_setting_get_float  100039f0 f   libconfig.obj
 0001:00002a80       _config_setting_get_float_elem 10003a80 f   libconfig.obj
 0001:00002af0       _config_setting_get_format 10003af0 f   libconfig.obj
 0001:00002b10       _config_setting_get_int    10003b10 f   libconfig.obj
 0001:00002b40       _config_setting_get_int64  10003b40 f   libconfig.obj
 0001:00002b70       _config_setting_get_int64_elem 10003b70 f   libconfig.obj
 0001:00002c00       _config_setting_get_int_elem 10003c00 f   libconfig.obj
 0001:00002c70       _config_setting_get_member 10003c70 f   libconfig.obj
 0001:00002ca0       _config_setting_get_string 10003ca0 f   libconfig.obj
 0001:00002cc0       _config_setting_get_string_elem 10003cc0 f   libconfig.obj
 0001:00002d20       _config_setting_index      10003d20 f   libconfig.obj
 0001:00002d60       _config_setting_is_aggregate 10003d60 f   libconfig.obj
 0001:00002d90       _config_setting_is_scalar  10003d90 f   libconfig.obj
 0001:00002dc0       _config_setting_length     10003dc0 f   libconfig.obj
 0001:00002e00       _config_setting_lookup     10003e00 f   libconfig.obj
 0001:00002f20       _config_setting_lookup_bool 10003f20 f   libconfig.obj
 0001:00002f70       _config_setting_lookup_float 10003f70 f   libconfig.obj
 0001:00002fb0       _config_setting_lookup_int 10003fb0 f   libconfig.obj
 0001:00002ff0       _config_setting_lookup_int64 10003ff0 f   libconfig.obj
 0001:00003030       _config_setting_lookup_string 10004030 f   libconfig.obj
 0001:00003080       _config_setting_remove     10004080 f   libconfig.obj
 0001:00003150       _config_setting_remove_elem 10004150 f   libconfig.obj
 0001:000031b0       _config_setting_set_bool   100041b0 f   libconfig.obj
 0001:000031f0       _config_setting_set_bool_elem 100041f0 f   libconfig.obj
 0001:000032c0       _config_setting_set_float  100042c0 f   libconfig.obj
 0001:00003370       _config_setting_set_float_elem 10004370 f   libconfig.obj
 0001:00003430       _config_setting_set_format 10004430 f   libconfig.obj
 0001:00003480       _config_setting_set_hook   10004480 f   libconfig.obj
 0001:000034a0       _config_setting_set_int    100044a0 f   libconfig.obj
 0001:00003510       _config_setting_set_int64  10004510 f   libconfig.obj
 0001:000035e0       _config_setting_set_int64_elem 100045e0 f   libconfig.obj
 0001:000036a0       _config_setting_set_int_elem 100046a0 f   libconfig.obj
 0001:00003790       _config_setting_set_string 10004790 f   libconfig.obj
 0001:00003810       _config_setting_set_string_elem 10004810 f   libconfig.obj
 0001:000038d0       _config_write              100048d0 f   libconfig.obj
 0001:000039a0       _config_write_file         100049a0 f   libconfig.obj
 0001:00003a60       _fprintf                   10004a60 f i libconfig.obj
 0001:00003a90       _scanctx_cleanup           10004a90 f   scanctx.obj
 0001:00003b10       _scanctx_current_filename  10004b10 f   scanctx.obj
 0001:00003b40       _scanctx_init              10004b40 f   scanctx.obj
 0001:00003b90       _scanctx_next_include_file 10004b90 f   scanctx.obj
 0001:00003c40       _scanctx_pop_include       10004c40 f   scanctx.obj
 0001:00003cb0       _scanctx_push_include      10004cb0 f   scanctx.obj
 0001:00003eb0       _scanctx_take_string       10004eb0 f   scanctx.obj
 0001:00003ef0       _libconfig_yy_create_buffer 10004ef0 f   scanner.obj
 0001:00003f60       _libconfig_yy_delete_buffer 10004f60 f   scanner.obj
 0001:00003fc0       _libconfig_yy_flush_buffer 10004fc0 f   scanner.obj
 0001:00004150       _libconfig_yy_scan_buffer  10005150 f   scanner.obj
 0001:00004200       _libconfig_yy_scan_bytes   10005200 f   scanner.obj
 0001:00004310       _libconfig_yy_scan_string  10005310 f   scanner.obj
 0001:00004350       _libconfig_yy_switch_to_buffer 10005350 f   scanner.obj
 0001:00004420       _libconfig_yyalloc         10005420 f   scanner.obj
 0001:000044f0       _libconfig_yyfree          100054f0 f   scanner.obj
 0001:00004510       _libconfig_yyget_column    10005510 f   scanner.obj
 0001:00004540       _libconfig_yyget_debug     10005540 f   scanner.obj
 0001:00004550       _libconfig_yyget_extra     10005550 f   scanner.obj
 0001:00004560       _libconfig_yyget_in        10005560 f   scanner.obj
 0001:00004570       _libconfig_yyget_leng      10005570 f   scanner.obj
 0001:00004580       _libconfig_yyget_lineno    10005580 f   scanner.obj
 0001:000045b0       _libconfig_yyget_lval      100055b0 f   scanner.obj
 0001:000045c0       _libconfig_yyget_out       100055c0 f   scanner.obj
 0001:000045d0       _libconfig_yyget_text      100055d0 f   scanner.obj
 0001:000045e0       _libconfig_yylex           100055e0 f   scanner.obj
 0001:000056f0       _libconfig_yylex_destroy   100066f0 f   scanner.obj
 0001:000058a0       _libconfig_yylex_init      100068a0 f   scanner.obj
 0001:00005910       _libconfig_yylex_init_extra 10006910 f   scanner.obj
 0001:00005990       _libconfig_yypop_buffer_state 10006990 f   scanner.obj
 0001:00005a40       _libconfig_yypush_buffer_state 10006a40 f   scanner.obj
 0001:00005b10       _libconfig_yyrealloc       10006b10 f   scanner.obj
 0001:00005b30       _libconfig_yyrestart       10006b30 f   scanner.obj
 0001:00005be0       _libconfig_yyset_column    10006be0 f   scanner.obj
 0001:00005c20       _libconfig_yyset_debug     10006c20 f   scanner.obj
 0001:00005c40       _libconfig_yyset_extra     10006c40 f   scanner.obj
 0001:00005c50       _libconfig_yyset_in        10006c50 f   scanner.obj
 0001:00005c70       _libconfig_yyset_lineno    10006c70 f   scanner.obj
 0001:00005cb0       _libconfig_yyset_lval      10006cb0 f   scanner.obj
 0001:00005cd0       _libconfig_yyset_out       10006cd0 f   scanner.obj
 0001:000062f0       _strbuf_append_char        100072f0 f   strbuf.obj
 0001:00006350       _strbuf_append_string      10007350 f   strbuf.obj
 0001:000063d0       _strbuf_ensure_capacity    100073d0 f   strbuf.obj
 0001:00006410       _strbuf_release            10007410 f   strbuf.obj
 0001:00006430       _strvec_append             10007430 f   strvec.obj
 0001:000064a0       _strvec_release            100074a0 f   strvec.obj
 0001:000064d0       ___delete_vec              100074d0 f   util.obj
 0001:00006520       _format_double             10007520 f   util.obj
 0001:000065f0       _parse_hex64               100075f0 f   util.obj
 0001:00006610       _parse_integer             10007610 f   util.obj
 0001:000066b0       _snprintf                  100076b0 f i util.obj
 0001:000066f0       _fsync                     100076f0 f   wincompat.obj
 0001:0000676f       _PathIsRelativeA@4         1000776f f   Shlwapi:SHLWAPI.dll
 0001:00006775       _FlushFileBuffers@4        10007775 f   kernel32:KERNEL32.dll
 0001:0000677b       _GetLastError@0            1000777b f   kernel32:KERNEL32.dll
 0001:00006790       @__security_check_cookie@4 10007790 f   MSVCRTD:secchk.obj
 0001:000067b0       __ftoui3                   100077b0 f   MSVCRTD:ftol3.obj
 0001:000067f6       __ftoul3                   100077f6 f   MSVCRTD:ftol3.obj
 0001:00006868       __ftol3                    10007868 f   MSVCRTD:ftol3.obj
 0001:000068d5       __dtoui3                   100078d5 f   MSVCRTD:ftol3.obj
 0001:00006949       __dtoul3                   10007949 f   MSVCRTD:ftol3.obj
 0001:000069eb       __dtol3                    100079eb f   MSVCRTD:ftol3.obj
 0001:00006aa0       __ultod3                   10007aa0 f   MSVCRTD:ftol3.obj
 0001:00006b00       __ltod3                    10007b00 f   MSVCRTD:ftol3.obj
 0001:00007200       __CRT_INIT@12              10008200 f   MSVCRTD:dll_dllmain.obj
 0001:00007220       __DllMainCRTStartup@12     10008220 f   MSVCRTD:dll_dllmain.obj
 0001:00007250       ___raise_securityfailure   10008250 f   MSVCRTD:gs_report.obj
 0001:00007290       ___report_gsfailure        10008290 f   MSVCRTD:gs_report.obj
 0001:000073e0       ___report_rangecheckfailure 100083e0 f   MSVCRTD:gs_report.obj
 0001:000073f0       ___report_securityfailure  100083f0 f   MSVCRTD:gs_report.obj
 0001:00007500       ___report_securityfailureEx 10008500 f   MSVCRTD:gs_report.obj
 0001:00007670       ___isa_available_init      10008670 f   MSVCRTD:cpu_disp.obj
 0001:00007ad0       ___security_init_cookie    10008ad0 f   MSVCRTD:gs_support.obj
 0001:00007b70       ?__scrt_initialize_type_info@@YAXXZ 10008b70 f   MSVCRTD:tncleanup.obj
 0001:00007b90       ?__scrt_uninitialize_type_info@@YAXXZ 10008b90 f   MSVCRTD:tncleanup.obj
 0001:00007bb0       ___local_stdio_scanf_options 10008bb0 f i MSVCRTD:default_local_stdio_options.obj
 0001:00007bc0       ___scrt_initialize_default_local_stdio_options 10008bc0 f   MSVCRTD:default_local_stdio_options.obj
 0001:00007c10       ?configure_argv@__scrt_narrow_argv_policy@@SAHXZ 10008c10 f i MSVCRTD:utility.obj
 0001:00007ce0       ?initialize_environment@__scrt_narrow_environment_policy@@SAHXZ 10008ce0 f i MSVCRTD:utility.obj
 0001:00007d80       _NtCurrentTeb              10008d80 f i MSVCRTD:utility.obj
 0001:00007d90       ___scrt_acquire_startup_lock 10008d90 f   MSVCRTD:utility.obj
 0001:00007df0       ___scrt_dllmain_after_initialize_c 10008df0 f   MSVCRTD:utility.obj
 0001:00007e30       ___scrt_dllmain_before_initialize_c 10008e30 f   MSVCRTD:utility.obj
 0001:00007e60       ___scrt_dllmain_crt_thread_attach 10008e60 f   MSVCRTD:utility.obj
 0001:00007ea0       ___scrt_dllmain_crt_thread_detach 10008ea0 f   MSVCRTD:utility.obj
 0001:00007ec0       ___scrt_dllmain_exception_filter 10008ec0 f   MSVCRTD:utility.obj
 0001:00007f20       ___scrt_dllmain_uninitialize_c 10008f20 f   MSVCRTD:utility.obj
 0001:00007f60       ___scrt_dllmain_uninitialize_critical 10008f60 f   MSVCRTD:utility.obj
 0001:00007f80       ___scrt_initialize_crt     10008f80 f   MSVCRTD:utility.obj
 0001:00007fe0       ___scrt_initialize_onexit_tables 10008fe0 f   MSVCRTD:utility.obj
 0001:000080f0       ___scrt_is_nonwritable_in_current_image 100090f0 f   MSVCRTD:utility.obj
 0001:00008270       ___scrt_release_startup_lock 10009270 f   MSVCRTD:utility.obj
 0001:000082a0       ___scrt_uninitialize_crt   100092a0 f   MSVCRTD:utility.obj
 0001:000082f0       __onexit                   100092f0 f   MSVCRTD:utility.obj
 0001:00008370       _at_quick_exit             10009370 f   MSVCRTD:utility.obj
 0001:000083c0       _atexit                    100093c0 f   MSVCRTD:utility.obj
 0001:00008400       ___scrt_get_dyn_tls_init_callback 10009400 f   MSVCRTD:dyn_tls_init.obj
 0001:00008410       ___scrt_fastfail           10009410 f   MSVCRTD:utility_desktop.obj
 0001:000085a0       ___scrt_get_show_window_mode 100095a0 f   MSVCRTD:utility_desktop.obj
 0001:000085f0       ___scrt_initialize_mta     100095f0 f   MSVCRTD:utility_desktop.obj
 0001:00008600       ___scrt_initialize_winrt   10009600 f   MSVCRTD:utility_desktop.obj
 0001:00008610       ___scrt_is_managed_app     10009610 f   MSVCRTD:utility_desktop.obj
 0001:000086c0       ___scrt_set_unhandled_exception_filter 100096c0 f   MSVCRTD:utility_desktop.obj
 0001:000086e0       ___scrt_stub_for_initialize_mta 100096e0 f   MSVCRTD:utility_desktop.obj
 0001:000086e0       ___scrt_exe_initialize_mta 100096e0 f   MSVCRTD:utility_desktop.obj
 0001:000086f0       ___scrt_unhandled_exception_filter@4 100096f0 f   MSVCRTD:utility_desktop.obj
 0001:00008790       __crt_debugger_hook        10009790 f   MSVCRTD:utility_desktop.obj
 0001:000087b0       __RTC_Initialize           100097b0 f   MSVCRTD:initsect.obj
 0001:000087f0       __RTC_Terminate            100097f0 f   MSVCRTD:initsect.obj
 0001:00008830       __except_handler4          10009830 f   MSVCRTD:chandler4gs.obj
 0001:00008880       @_guard_check_icall_nop@4  10009880 f i MSVCRTD:guard_support.obj
 0001:00008890       _ReadNoFence               10009890 f i MSVCRTD:guard_support.obj
 0001:000088b0       _ReadPointerNoFence        100098b0 f i MSVCRTD:guard_support.obj
 0001:000088d0       __guard_icall_checks_enforced 100098d0 f i MSVCRTD:guard_support.obj
 0001:00008910       __get_startup_argv_mode    10009910 f   MSVCRTD:argv_mode.obj
 0001:00008920       ___scrt_is_ucrt_dll_in_use 10009920 f   MSVCRTD:ucrt_detection.obj
 0001:0000894d       _strchr                    1000994d f   vcruntimed:VCRUNTIME140D.dll
 0001:00008953       _memmove                   10009953 f   vcruntimed:VCRUNTIME140D.dll
 0001:00008959       _memset                    10009959 f   vcruntimed:VCRUNTIME140D.dll
 0001:0000895f       _memcpy                    1000995f f   vcruntimed:VCRUNTIME140D.dll
 0001:00008965       ___std_type_info_destroy_list 10009965 f   vcruntimed:VCRUNTIME140D.dll
 0001:0000896b       ___current_exception       1000996b f   vcruntimed:VCRUNTIME140D.dll
 0001:00008971       ___current_exception_context 10009971 f   vcruntimed:VCRUNTIME140D.dll
 0001:00008977       __except_handler4_common   10009977 f   vcruntimed:VCRUNTIME140D.dll
 0001:0000897d       _free                      1000997d f   ucrtd:ucrtbased.dll
 0001:00008983       _malloc                    10009983 f   ucrtd:ucrtbased.dll
 0001:00008989       __configthreadlocale       10009989 f   ucrtd:ucrtbased.dll
 0001:0000898f       _setlocale                 1000998f f   ucrtd:ucrtbased.dll
 0001:00008995       _isalpha                   10009995 f   ucrtd:ucrtbased.dll
 0001:0000899b       _isdigit                   1000999b f   ucrtd:ucrtbased.dll
 0001:000089a1       _fclose                    100099a1 f   ucrtd:ucrtbased.dll
 0001:000089a7       __fileno                   100099a7 f   ucrtd:ucrtbased.dll
 0001:000089ad       _fopen                     100099ad f   ucrtd:ucrtbased.dll
 0001:000089b3       _fputc                     100099b3 f   ucrtd:ucrtbased.dll
 0001:000089b9       _fputs                     100099b9 f   ucrtd:ucrtbased.dll
 0001:000089bf       ___stdio_common_vfprintf   100099bf f   ucrtd:ucrtbased.dll
 0001:000089c5       _calloc                    100099c5 f   ucrtd:ucrtbased.dll
 0001:000089cb       _realloc                   100099cb f   ucrtd:ucrtbased.dll
 0001:000089d1       _atoi                      100099d1 f   ucrtd:ucrtbased.dll
 0001:000089d7       __fstat64i32               100099d7 f   ucrtd:ucrtbased.dll
 0001:000089dd       ___acrt_iob_func           100099dd f   ucrtd:ucrtbased.dll
 0001:000089e3       _clearerr                  100099e3 f   ucrtd:ucrtbased.dll
 0001:000089e9       _ferror                    100099e9 f   ucrtd:ucrtbased.dll
 0001:000089ef       _fread                     100099ef f   ucrtd:ucrtbased.dll
 0001:000089f5       _fwrite                    100099f5 f   ucrtd:ucrtbased.dll
 0001:000089fb       _getc                      100099fb f   ucrtd:ucrtbased.dll
 0001:00008a01       __errno                    10009a01 f   ucrtd:ucrtbased.dll
 0001:00008a07       _exit                      10009a07 f   ucrtd:ucrtbased.dll
 0001:00008a0d       _atof                      10009a0d f   ucrtd:ucrtbased.dll
 0001:00008a13       _atoll                     10009a13 f   ucrtd:ucrtbased.dll
 0001:00008a19       _strtol                    10009a19 f   ucrtd:ucrtbased.dll
 0001:00008a1f       _strtoul                   10009a1f f   ucrtd:ucrtbased.dll
 0001:00008a25       _strtoll                   10009a25 f   ucrtd:ucrtbased.dll
 0001:00008a2b       _strtoull                  10009a2b f   ucrtd:ucrtbased.dll
 0001:00008a31       ___stdio_common_vsprintf   10009a31 f   ucrtd:ucrtbased.dll
 0001:00008a37       __get_osfhandle            10009a37 f   ucrtd:ucrtbased.dll
 0001:00008a3d       __except1                  10009a3d f   ucrtd:ucrtbased.dll
 0001:00008a43       __initterm                 10009a43 f   ucrtd:ucrtbased.dll
 0001:00008a49       __initterm_e               10009a49 f   ucrtd:ucrtbased.dll
 0001:00008a4f       __seh_filter_dll           10009a4f f   ucrtd:ucrtbased.dll
 0001:00008a55       __configure_narrow_argv    10009a55 f   ucrtd:ucrtbased.dll
 0001:00008a5b       __initialize_narrow_environment 10009a5b f   ucrtd:ucrtbased.dll
 0001:00008a61       __initialize_onexit_table  10009a61 f   ucrtd:ucrtbased.dll
 0001:00008a67       __register_onexit_function 10009a67 f   ucrtd:ucrtbased.dll
 0001:00008a6d       __execute_onexit_table     10009a6d f   ucrtd:ucrtbased.dll
 0001:00008a73       __crt_atexit               10009a73 f   ucrtd:ucrtbased.dll
 0001:00008a79       __crt_at_quick_exit        10009a79 f   ucrtd:ucrtbased.dll
 0001:00008a7f       __cexit                    10009a7f f   ucrtd:ucrtbased.dll
 0001:00008a85       _terminate                 10009a85 f   ucrtd:ucrtbased.dll
 0001:00008a8b       __strdup                   10009a8b f   ucrtd:ucrtbased.dll
 0001:00008a91       _UnhandledExceptionFilter@4 10009a91 f   kernel32:KERNEL32.dll
 0001:00008a97       _SetUnhandledExceptionFilter@4 10009a97 f   kernel32:KERNEL32.dll
 0001:00008a9d       _GetCurrentProcess@0       10009a9d f   kernel32:KERNEL32.dll
 0001:00008aa3       _TerminateProcess@8        10009aa3 f   kernel32:KERNEL32.dll
 0001:00008aa9       _IsProcessorFeaturePresent@4 10009aa9 f   kernel32:KERNEL32.dll
 0001:00008aaf       _QueryPerformanceCounter@4 10009aaf f   kernel32:KERNEL32.dll
 0001:00008ab5       _GetCurrentProcessId@0     10009ab5 f   kernel32:KERNEL32.dll
 0001:00008abb       _GetCurrentThreadId@0      10009abb f   kernel32:KERNEL32.dll
 0001:00008ac1       _GetSystemTimeAsFileTime@4 10009ac1 f   kernel32:KERNEL32.dll
 0001:00008ac7       _InitializeSListHead@4     10009ac7 f   kernel32:KERNEL32.dll
 0001:00008acd       _IsDebuggerPresent@0       10009acd f   kernel32:KERNEL32.dll
 0001:00008ad3       _GetStartupInfoW@4         10009ad3 f   kernel32:KERNEL32.dll
 0001:00008ad9       _GetModuleHandleW@4        10009ad9 f   kernel32:KERNEL32.dll
 0001:00008ae0       ___scrt_stub_for_acrt_initialize 10009ae0 f   MSVCRTD:ucrt_stubs.obj
 0001:00008ae0       ___vcrt_initialize         10009ae0 f   MSVCRTD:ucrt_stubs.obj
 0001:00008ae0       ___acrt_initialize         10009ae0 f   MSVCRTD:ucrt_stubs.obj
 0001:00008af0       ___scrt_stub_for_acrt_thread_attach 10009af0 f   MSVCRTD:ucrt_stubs.obj
 0001:00008af0       ___vcrt_thread_attach      10009af0 f   MSVCRTD:ucrt_stubs.obj
 0001:00008af0       ___acrt_thread_attach      10009af0 f   MSVCRTD:ucrt_stubs.obj
 0001:00008b00       ___scrt_stub_for_acrt_thread_detach 10009b00 f   MSVCRTD:ucrt_stubs.obj
 0001:00008b00       ___vcrt_thread_detach      10009b00 f   MSVCRTD:ucrt_stubs.obj
 0001:00008b00       ___acrt_thread_detach      10009b00 f   MSVCRTD:ucrt_stubs.obj
 0001:00008b10       ___acrt_uninitialize       10009b10 f   MSVCRTD:ucrt_stubs.obj
 0001:00008b10       ___scrt_stub_for_acrt_uninitialize 10009b10 f   MSVCRTD:ucrt_stubs.obj
 0001:00008b10       ___vcrt_uninitialize       10009b10 f   MSVCRTD:ucrt_stubs.obj
 0001:00008b20       ___acrt_uninitialize_critical 10009b20 f   MSVCRTD:ucrt_stubs.obj
 0001:00008b20       ___scrt_stub_for_acrt_uninitialize_critical 10009b20 f   MSVCRTD:ucrt_stubs.obj
 0001:00008b20       ___vcrt_uninitialize_critical 10009b20 f   MSVCRTD:ucrt_stubs.obj
 0001:00008b30       __is_c_termination_complete 10009b30 f   MSVCRTD:ucrt_stubs.obj
 0001:00008b30       ___scrt_stub_for_is_c_termination_complete 10009b30 f   MSVCRTD:ucrt_stubs.obj
 0001:00008b40       __filter_x86_sse2_floating_point_exception 10009b40 f   MSVCRTD:x86_exception_filter.obj
 0001:00008b40       __filter_x86_sse2_floating_point_exception_default 10009b40 f   MSVCRTD:x86_exception_filter.obj
 0002:00000000       ___xc_a                    1000c000     MSVCRTD:initializers.obj
 0002:00000104       ___xc_z                    1000c104     MSVCRTD:initializers.obj
 0002:00000208       ___xi_a                    1000c208     MSVCRTD:initializers.obj
 0002:0000030c       ___xi_z                    1000c30c     MSVCRTD:initializers.obj
 0002:00000410       ___xp_a                    1000c410     MSVCRTD:initializers.obj
 0002:00000514       ___xp_z                    1000c514     MSVCRTD:initializers.obj
 0002:00000618       ___xt_a                    1000c618     MSVCRTD:initializers.obj
 0002:0000071c       ___xt_z                    1000c71c     MSVCRTD:initializers.obj
 0002:00000820       ??_C@_0CB@DGGFMBMG@mismatched?5element?5type?5in?5arra@ 1000c820     grammar.obj
 0002:00000848       ??_C@_0BH@ICKAEFLH@duplicate?5setting?5name@ 1000c848     grammar.obj
 0002:00000b18       ??_C@_0N@MNJHOOI@syntax?5error@ 1000cb18     grammar.obj
 0002:00000b28       ??_C@_0BB@IJMKJPOK@memory?5exhausted@ 1000cb28     grammar.obj
 0002:00000b3c       ??_C@_0P@IMDPLAPH@file?5I?1O?5error@ 1000cb3c     libconfig.obj
 0002:00000b50       ??_C@_01GFHCPBMG@C@        1000cb50     libconfig.obj
 0002:00000b54       ??_C@_03GBOCGLKB@?3?4?1@   1000cb54     libconfig.obj
 0002:00000b58       ??_C@_01CLKCMJKC@?5@       1000cb58     libconfig.obj
 0002:00000b5c       ??_C@_03HIJPJGOM@?$CF?$CKs@ 1000cb5c     libconfig.obj
 0002:00000b60       ??_C@_04LOAJBDKD@true@     1000cb60     libconfig.obj
 0002:00000b68       ??_C@_05LAPONLG@false@     1000cb68     libconfig.obj
 0002:00000b70       ??_C@_04HKJDGLEA@0x?$CFX@  1000cb70     libconfig.obj
 0002:00000b78       ??_C@_02DPKJAMEF@?$CFd@    1000cb78     libconfig.obj
 0002:00000b7c       ??_C@_08JCOLLBOI@0x?$CFI64XL@ 1000cb7c     libconfig.obj
 0002:00000b88       ??_C@_06JFHLCMDL@?$CFI64dL@ 1000cb88     libconfig.obj
 0002:00000b90       ??_C@_02JOGGLHBA@?2n@      1000cb90     libconfig.obj
 0002:00000b94       ??_C@_02HIBBOKEN@?2r@      1000cb94     libconfig.obj
 0002:00000b98       ??_C@_02FGLPDNBI@?2f@      1000cb98     libconfig.obj
 0002:00000b9c       ??_C@_02COELENML@?2t@      1000cb9c     libconfig.obj
 0002:00000ba0       ??_C@_06MNBAJCJJ@?2x?$CF02X@ 1000cba0     libconfig.obj
 0002:00000ba8       ??_C@_02KDGEBFBH@?$CI?5@   1000cba8     libconfig.obj
 0002:00000bac       ??_C@_02PFNDMDBO@?$FL?5@   1000cbac     libconfig.obj
 0002:00000bb0       ??_C@_02KCPFEJNG@?$HL?6@   1000cbb0     libconfig.obj
 0002:00000bb4       ??_C@_03BBKEAIF@?$DP?$DP?$DP@ 1000cbb4     libconfig.obj
 0002:00000bb8       ??_C@_03FGPOFMNL@?$CK_?9@  1000cbb8     libconfig.obj
 0002:00000bbc       ??_C@_04LAOFCJDB@?5?$CFc?5@ 1000cbbc     libconfig.obj
 0002:00000bc4       ??_C@_02BMJICGCB@rt@       1000cbc4     libconfig.obj
 0002:00000bc8       ??_C@_02BKFDOEMK@wt@       1000cbc8     libconfig.obj
 0002:00000bcc       ??_C@_01KICIPPFI@?2@       1000cbcc     libconfig.obj
 0002:00000bd0       ??_C@_0BJ@LNCMEOHC@cannot?5open?5include?5file@ 1000cbd0     scanctx.obj
 0002:00000bf0       ??_C@_0BO@LOEJLOHF@include?5file?5nesting?5too?5deep@ 1000cbf0     scanctx.obj
 0002:00000c14       ??_C@_00CNPNBAHC@@         1000cc14     scanctx.obj
 0002:00001650       ??_C@_0DD@JHONDBLF@fatal?5flex?5scanner?5internal?5err@ 1000d650     scanner.obj
 0002:00001690       ??_C@_0DI@MLIALAAB@fatal?5flex?5scanner?5internal?5err@ 1000d690     scanner.obj
 0002:000016d4       ??_C@_0CM@KBIPOOPN@fatal?5error?5?9?5scanner?5input?5buf@ 1000d6d4     scanner.obj
 0002:00001708       ??_C@_0BN@KCKEEIJO@input?5in?5flex?5scanner?5failed@ 1000d708     scanner.obj
 0002:0000172c       ??_C@_0CO@GMABFCIG@out?5of?5dynamic?5memory?5in?5yy_get@ 1000d72c     scanner.obj
 0002:00001764       ??_C@_0CM@KGHDCJOD@out?5of?5dynamic?5memory?5in?5yy_cre@ 1000d764     scanner.obj
 0002:00001798       ??_C@_0DB@PJCMFNHO@out?5of?5dynamic?5memory?5in?5yyensu@ 1000d798     scanner.obj
 0002:000017d4       ??_C@_0CK@BNMIIHCN@out?5of?5dynamic?5memory?5in?5yy_sca@ 1000d7d4     scanner.obj
 0002:00001808       ??_C@_0CJ@POHJPACM@out?5of?5dynamic?5memory?5in?5yy_sca@ 1000d808     scanner.obj
 0002:0000183c       ??_C@_0BO@LOBFGDHO@bad?5buffer?5in?5yy_scan_bytes?$CI?$CJ@ 1000d83c     scanner.obj
 0002:00001860       ??_C@_03OFAPEBGM@?$CFs?6@  1000d860     scanner.obj
 0002:00001864       ??_C@_0CD@JFCJPBLD@yyset_lineno?5called?5with?5no?5buf@ 1000d864     scanner.obj
 0002:00001890       ??_C@_0CD@PKNINGM@yyset_column?5called?5with?5no?5buf@ 1000d890     scanner.obj
 0002:000018bc       ??_C@_04GPHHEOMN@?$CF?4?$CKg@ 1000d8bc     util.obj
 0002:000018c4       ??_C@_04HGGMHPIM@?$CF?4?$CKf@ 1000d8c4     util.obj
 0002:000018cc       ??_C@_02ONCLHLPE@?40@      1000d8cc     util.obj
 0002:000018ec       __pRawDllMain              1000d8ec     MSVCRTD:dll_dllmain.obj
 0002:000018ec       __pDefaultRawDllMain       1000d8ec     MSVCRTD:dll_dllmain.obj
 0002:00001938       __load_config_used         1000d938     MSVCRTD:loadcfg.obj
 0002:00001b30       ___safe_se_handler_table   1000db30     <linker-defined>
 0002:00001dc0       ___rtc_iaa                 1000ddc0     MSVCRTD:initsect.obj
 0002:00001ec4       ___rtc_izz                 1000dec4     MSVCRTD:initsect.obj
 0002:00001fc8       ___rtc_taa                 1000dfc8     MSVCRTD:initsect.obj
 0002:000020cc       ___rtc_tzz                 1000e0cc     MSVCRTD:initsect.obj
 0003:0000001c       ___security_cookie_complement 1000f01c     MSVCRTD:gs_cookie.obj
 0003:00000020       ___security_cookie         1000f020     MSVCRTD:gs_cookie.obj
 0003:00000028       __fltused                  1000f028     MSVCRTD:fltused.obj
 0003:00000030       ___isa_enabled             1000f030     MSVCRTD:cpu_disp.obj
 0003:00000034       ___scrt_native_dllmain_reason 1000f034     MSVCRTD:utility.obj
 0003:00000038       ___scrt_ucrt_dll_is_in_use 1000f038     MSVCRTD:ucrt_stubs.obj
 0003:00000514       ___isa_available           1000f514     MSVCRTD:cpu_disp.obj
 0003:00000518       ___favor                   1000f518     MSVCRTD:cpu_disp.obj
 0003:00000520       ?__type_info_root_node@@3U__type_info_node@@A 1000f520     MSVCRTD:tncleanup.obj
 0003:00000530       ?_OptionsStorage@?1??__local_stdio_printf_options@@9@4_KA 1000f530     MSVCRTD:default_local_stdio_options.obj
 0003:00000540       ?_OptionsStorage@?1??__local_stdio_scanf_options@@9@4_KA 1000f540     MSVCRTD:default_local_stdio_options.obj
 0003:0000054c       ___scrt_current_native_startup_state 1000f54c     MSVCRTD:utility.obj
 0003:00000550       ___scrt_native_startup_lock 1000f550     MSVCRTD:utility.obj
 0003:00000578       ___scrt_debugger_hook_flag 1000f578     MSVCRTD:utility_desktop.obj
 0003:00000580       ?_OptionsStorage@?1??__local_stdio_printf_options@@9@9 1000f580     <common>
 0003:00000594       ___dyn_tls_init_callback   1000f594     <common>
 0004:00000000       __imp__GetModuleHandleW@4  10010000     kernel32:KERNEL32.dll
 0004:00000004       __imp__GetStartupInfoW@4   10010004     kernel32:KERNEL32.dll
 0004:00000008       __imp__FlushFileBuffers@4  10010008     kernel32:KERNEL32.dll
 0004:0000000c       __imp__GetLastError@0      1001000c     kernel32:KERNEL32.dll
 0004:00000010       __imp__SetUnhandledExceptionFilter@4 10010010     kernel32:KERNEL32.dll
 0004:00000014       __imp__IsDebuggerPresent@0 10010014     kernel32:KERNEL32.dll
 0004:00000018       __imp__InitializeSListHead@4 10010018     kernel32:KERNEL32.dll
 0004:0000001c       __imp__GetSystemTimeAsFileTime@4 1001001c     kernel32:KERNEL32.dll
 0004:00000020       __imp__GetCurrentThreadId@0 10010020     kernel32:KERNEL32.dll
 0004:00000024       __imp__GetCurrentProcessId@0 10010024     kernel32:KERNEL32.dll
 0004:00000028       __imp__QueryPerformanceCounter@4 10010028     kernel32:KERNEL32.dll
 0004:0000002c       __imp__IsProcessorFeaturePresent@4 1001002c     kernel32:KERNEL32.dll
 0004:00000030       __imp__TerminateProcess@8  10010030     kernel32:KERNEL32.dll
 0004:00000034       __imp__GetCurrentProcess@0 10010034     kernel32:KERNEL32.dll
 0004:00000038       __imp__UnhandledExceptionFilter@4 10010038     kernel32:KERNEL32.dll
 0004:0000003c       \177KERNEL32_NULL_THUNK_DATA 1001003c     kernel32:KERNEL32.dll
 0004:00000074       __imp__PathIsRelativeA@4   10010074     Shlwapi:SHLWAPI.dll
 0004:00000078       \177SHLWAPI_NULL_THUNK_DATA 10010078     Shlwapi:SHLWAPI.dll
 0004:000000a4       __imp__memcpy              100100a4     vcruntimed:VCRUNTIME140D.dll
 0004:000000a8       __imp____std_type_info_destroy_list 100100a8     vcruntimed:VCRUNTIME140D.dll
 0004:000000ac       __imp____current_exception 100100ac     vcruntimed:VCRUNTIME140D.dll
 0004:000000b0       __imp____current_exception_context 100100b0     vcruntimed:VCRUNTIME140D.dll
 0004:000000b4       __imp___except_handler4_common 100100b4     vcruntimed:VCRUNTIME140D.dll
 0004:000000b8       __imp__memset              100100b8     vcruntimed:VCRUNTIME140D.dll
 0004:000000bc       __imp__strchr              100100bc     vcruntimed:VCRUNTIME140D.dll
 0004:000000c0       __imp__memmove             100100c0     vcruntimed:VCRUNTIME140D.dll
 0004:000000c4       \177VCRUNTIME140D_NULL_THUNK_DATA 100100c4     vcruntimed:VCRUNTIME140D.dll
 0004:000000f4       __imp__realloc             100100f4     ucrtd:ucrtbased.dll
 0004:000000f8       __imp__atoi                100100f8     ucrtd:ucrtbased.dll
 0004:000000fc       __imp___fstat64i32         100100fc     ucrtd:ucrtbased.dll
 0004:00000100       __imp____acrt_iob_func     10010100     ucrtd:ucrtbased.dll
 0004:00000104       __imp__clearerr            10010104     ucrtd:ucrtbased.dll
 0004:00000108       __imp__ferror              10010108     ucrtd:ucrtbased.dll
 0004:0000010c       __imp__fread               1001010c     ucrtd:ucrtbased.dll
 0004:00000110       __imp__fwrite              10010110     ucrtd:ucrtbased.dll
 0004:00000114       __imp__getc                10010114     ucrtd:ucrtbased.dll
 0004:00000118       __imp___errno              10010118     ucrtd:ucrtbased.dll
 0004:0000011c       __imp___configthreadlocale 1001011c     ucrtd:ucrtbased.dll
 0004:00000120       __imp__atof                10010120     ucrtd:ucrtbased.dll
 0004:00000124       __imp__atoll               10010124     ucrtd:ucrtbased.dll
 0004:00000128       __imp__strtol              10010128     ucrtd:ucrtbased.dll
 0004:0000012c       __imp__strtoul             1001012c     ucrtd:ucrtbased.dll
 0004:00000130       __imp__strtoll             10010130     ucrtd:ucrtbased.dll
 0004:00000134       __imp__strtoull            10010134     ucrtd:ucrtbased.dll
 0004:00000138       __imp____stdio_common_vfprintf 10010138     ucrtd:ucrtbased.dll
 0004:0000013c       __imp___get_osfhandle      1001013c     ucrtd:ucrtbased.dll
 0004:00000140       __imp___except1            10010140     ucrtd:ucrtbased.dll
 0004:00000144       __imp___initterm           10010144     ucrtd:ucrtbased.dll
 0004:00000148       __imp___initterm_e         10010148     ucrtd:ucrtbased.dll
 0004:0000014c       __imp___seh_filter_dll     1001014c     ucrtd:ucrtbased.dll
 0004:00000150       __imp___configure_narrow_argv 10010150     ucrtd:ucrtbased.dll
 0004:00000154       __imp___initialize_narrow_environment 10010154     ucrtd:ucrtbased.dll
 0004:00000158       __imp___initialize_onexit_table 10010158     ucrtd:ucrtbased.dll
 0004:0000015c       __imp___register_onexit_function 1001015c     ucrtd:ucrtbased.dll
 0004:00000160       __imp___execute_onexit_table 10010160     ucrtd:ucrtbased.dll
 0004:00000164       __imp___crt_atexit         10010164     ucrtd:ucrtbased.dll
 0004:00000168       __imp___crt_at_quick_exit  10010168     ucrtd:ucrtbased.dll
 0004:0000016c       __imp___cexit              1001016c     ucrtd:ucrtbased.dll
 0004:00000170       __imp__terminate           10010170     ucrtd:ucrtbased.dll
 0004:00000174       __imp___strdup             10010174     ucrtd:ucrtbased.dll
 0004:00000174       __imp__strdup              10010174     ucrtd:ucrtbased.dll
 0004:00000178       __imp__fputs               10010178     ucrtd:ucrtbased.dll
 0004:0000017c       __imp__malloc              1001017c     ucrtd:ucrtbased.dll
 0004:00000180       __imp__free                10010180     ucrtd:ucrtbased.dll
 0004:00000184       __imp__calloc              10010184     ucrtd:ucrtbased.dll
 0004:00000188       __imp__fputc               10010188     ucrtd:ucrtbased.dll
 0004:0000018c       __imp__fopen               1001018c     ucrtd:ucrtbased.dll
 0004:00000190       __imp___fileno             10010190     ucrtd:ucrtbased.dll
 0004:00000194       __imp__fclose              10010194     ucrtd:ucrtbased.dll
 0004:00000198       __imp__isdigit             10010198     ucrtd:ucrtbased.dll
 0004:0000019c       __imp__isalpha             1001019c     ucrtd:ucrtbased.dll
 0004:000001a0       __imp____stdio_common_vsprintf 100101a0     ucrtd:ucrtbased.dll
 0004:000001a4       __imp__setlocale           100101a4     ucrtd:ucrtbased.dll
 0004:000001a8       __imp__exit                100101a8     ucrtd:ucrtbased.dll
 0004:000001ac       \177ucrtbased_NULL_THUNK_DATA 100101ac     ucrtd:ucrtbased.dll
 0004:000001fc       __IMPORT_DESCRIPTOR_SHLWAPI 100101fc     Shlwapi:SHLWAPI.dll
 0004:00000210       __IMPORT_DESCRIPTOR_KERNEL32 10010210     kernel32:KERNEL32.dll
 0004:00000224       __IMPORT_DESCRIPTOR_VCRUNTIME140D 10010224     vcruntimed:VCRUNTIME140D.dll
 0004:00000238       __IMPORT_DESCRIPTOR_ucrtbased 10010238     ucrtd:ucrtbased.dll
 0004:0000024c       __NULL_IMPORT_DESCRIPTOR   1001024c     Shlwapi:SHLWAPI.dll
 0005:00000000       ___guard_check_icall_fptr  10011000     MSVCRTD:guard_support.obj

 entry point at        0001:0000023a

 Static symbols

 0000:fffec000       .debug$S                   10000000     libconfig.exp
 0000:fffec000       .debug$S                   10000000     kernel32:KERNEL32.dll
 0000:fffec000       .debug$S                   10000000     kernel32:KERNEL32.dll
 0000:fffec000       .debug$S                   10000000     kernel32:KERNEL32.dll
 0000:fffec000       .debug$S                   10000000     kernel32:KERNEL32.dll
 0000:fffec000       .debug$S                   10000000     kernel32:KERNEL32.dll
 0000:fffec000       .debug$S                   10000000     kernel32:KERNEL32.dll
 0000:fffec000       .debug$S                   10000000     kernel32:KERNEL32.dll
 0000:fffec000       .debug$S                   10000000     kernel32:KERNEL32.dll
 0000:fffec000       .debug$S                   10000000     kernel32:KERNEL32.dll
 0000:fffec000       .debug$S                   10000000     kernel32:KERNEL32.dll
 0000:fffec000       .debug$S                   10000000     kernel32:KERNEL32.dll
 0000:fffec000       .debug$S                   10000000     kernel32:KERNEL32.dll
 0000:fffec000       .debug$S                   10000000     kernel32:KERNEL32.dll
 0000:fffec000       .debug$S                   10000000     kernel32:KERNEL32.dll
 0000:fffec000       .debug$S                   10000000     kernel32:KERNEL32.dll
 0000:fffec000       .debug$S                   10000000     Shlwapi:SHLWAPI.dll
 0000:fffec000       .debug$S                   10000000     vcruntimed:VCRUNTIME140D.dll
 0000:fffec000       .debug$S                   10000000     vcruntimed:VCRUNTIME140D.dll
 0000:fffec000       .debug$S                   10000000     vcruntimed:VCRUNTIME140D.dll
 0000:fffec000       .debug$S                   10000000     vcruntimed:VCRUNTIME140D.dll
 0000:fffec000       .debug$S                   10000000     vcruntimed:VCRUNTIME140D.dll
 0000:fffec000       .debug$S                   10000000     vcruntimed:VCRUNTIME140D.dll
 0000:fffec000       .debug$S                   10000000     vcruntimed:VCRUNTIME140D.dll
 0000:fffec000       .debug$S                   10000000     vcruntimed:VCRUNTIME140D.dll
 0000:fffef000       __guard_fids___except_handler4 10000000     MSVCRTD:chandler4gs.obj
 0000:fffef000       __guard_fids_?dllmain_dispatch@@YAHQAUHINSTANCE__@@KQAX@Z 10000000     MSVCRTD:dll_dllmain.obj
 0000:fffef000       __guard_fids__             10000000     MSVCRTD:guard_support.obj
 0000:fffef000       __guard_fids___guard_icall_checks_enforced 10000000     MSVCRTD:guard_support.obj
 0000:fffef000       __guard_fids____scrt_set_unhandled_exception_filter 10000000     MSVCRTD:utility_desktop.obj
 0000:fffec000       .debug$S                   10000000     ucrtd:ucrtbased.dll
 0000:fffec000       .debug$S                   10000000     ucrtd:ucrtbased.dll
 0000:fffec000       .debug$S                   10000000     ucrtd:ucrtbased.dll
 0000:fffec000       .debug$S                   10000000     ucrtd:ucrtbased.dll
 0000:fffec000       .debug$S                   10000000     ucrtd:ucrtbased.dll
 0000:fffec000       .debug$S                   10000000     ucrtd:ucrtbased.dll
 0000:fffec000       .debug$S                   10000000     ucrtd:ucrtbased.dll
 0000:fffec000       .debug$S                   10000000     ucrtd:ucrtbased.dll
 0000:fffec000       .debug$S                   10000000     ucrtd:ucrtbased.dll
 0000:fffec000       .debug$S                   10000000     ucrtd:ucrtbased.dll
 0000:fffec000       .debug$S                   10000000     ucrtd:ucrtbased.dll
 0000:fffec000       .debug$S                   10000000     ucrtd:ucrtbased.dll
 0000:fffec000       .debug$S                   10000000     ucrtd:ucrtbased.dll
 0000:fffec000       .debug$S                   10000000     ucrtd:ucrtbased.dll
 0000:fffec000       .debug$S                   10000000     ucrtd:ucrtbased.dll
 0000:fffec000       .debug$S                   10000000     ucrtd:ucrtbased.dll
 0000:fffec000       .debug$S                   10000000     ucrtd:ucrtbased.dll
 0000:fffec000       .debug$S                   10000000     ucrtd:ucrtbased.dll
 0000:fffec000       .debug$S                   10000000     ucrtd:ucrtbased.dll
 0000:fffec000       .debug$S                   10000000     ucrtd:ucrtbased.dll
 0000:fffec000       .debug$S                   10000000     ucrtd:ucrtbased.dll
 0000:fffec000       .debug$S                   10000000     ucrtd:ucrtbased.dll
 0000:fffec000       .debug$S                   10000000     ucrtd:ucrtbased.dll
 0000:fffec000       .debug$S                   10000000     ucrtd:ucrtbased.dll
 0000:fffec000       .debug$S                   10000000     ucrtd:ucrtbased.dll
 0000:fffec000       .debug$S                   10000000     ucrtd:ucrtbased.dll
 0000:fffec000       .debug$S                   10000000     ucrtd:ucrtbased.dll
 0000:fffec000       .debug$S                   10000000     ucrtd:ucrtbased.dll
 0000:fffec000       .debug$S                   10000000     ucrtd:ucrtbased.dll
 0000:fffec000       .debug$S                   10000000     ucrtd:ucrtbased.dll
 0000:fffec000       .debug$S                   10000000     ucrtd:ucrtbased.dll
 0000:fffec000       .debug$S                   10000000     ucrtd:ucrtbased.dll
 0000:fffec000       .debug$S                   10000000     ucrtd:ucrtbased.dll
 0000:fffec000       .debug$S                   10000000     ucrtd:ucrtbased.dll
 0000:fffec000       .debug$S                   10000000     ucrtd:ucrtbased.dll
 0000:fffec000       .debug$S                   10000000     ucrtd:ucrtbased.dll
 0000:fffec000       .debug$S                   10000000     ucrtd:ucrtbased.dll
 0000:fffec000       .debug$S                   10000000     ucrtd:ucrtbased.dll
 0000:fffec000       .debug$S                   10000000     ucrtd:ucrtbased.dll
 0000:fffec000       .debug$S                   10000000     ucrtd:ucrtbased.dll
 0000:fffec000       .debug$S                   10000000     ucrtd:ucrtbased.dll
 0000:fffec000       .debug$S                   10000000     ucrtd:ucrtbased.dll
 0000:fffec000       .debug$S                   10000000     ucrtd:ucrtbased.dll
 0000:fffec000       .debug$S                   10000000     ucrtd:ucrtbased.dll
 0000:fffec000       .debug$S                   10000000     ucrtd:ucrtbased.dll
 0000:fffec000       .debug$S                   10000000     ucrtd:ucrtbased.dll
 0001:00001164       $LN228                     10002164     grammar.obj
 0001:0000119c       $LN227                     1000219c     grammar.obj
 0001:00001440       ___config_indent           10002440 f   libconfig.obj
 0001:000014b0       ___config_list_remove      100024b0 f   libconfig.obj
 0001:00001500       ___config_list_search      10002500 f   libconfig.obj
 0001:00001610       ___config_read             10002610 f   libconfig.obj
 0001:00001830       ___config_setting_destroy  10002830 f   libconfig.obj
 0001:00001920       ___config_setting_get_float 10002920 f   libconfig.obj
 0001:000019b0       ___config_setting_get_int  100029b0 f   libconfig.obj
 0001:00001a40       ___config_setting_get_int64 10002a40 f   libconfig.obj
 0001:00001ac0       ___config_write_setting    10002ac0 f   libconfig.obj
 0001:00001bc0       ___config_write_value      10002bc0 f   libconfig.obj
 0001:00001f8c       $LN106                     10002f8c     libconfig.obj
 0001:00001fac       $LN108                     10002fac     libconfig.obj
 0001:00001fc4       $LN107                     10002fc4     libconfig.obj
 0001:00002840       _config_setting_create     10003840 f   libconfig.obj
 0001:00003334       $LN18                      10004334     libconfig.obj
 0001:000035a0       $LN16                      100045a0     libconfig.obj
 0001:00004050       _libconfig_yy_init_buffer  10005050 f   scanner.obj
 0001:00004440       _libconfig_yyensure_buffer_stack 10005440 f   scanner.obj
 0001:000052c0       $LN276                     100062c0     scanner.obj
 0001:00005cf0       _yy_fatal_error            10006cf0 f   scanner.obj
 0001:00005d30       _yy_get_next_buffer        10006d30 f   scanner.obj
 0001:00006180       _yy_get_previous_state     10007180 f   scanner.obj
 0001:00006280       _yy_init_globals           10007280 f   scanner.obj
 0001:000067b0       $$000000                   100077b0     MSVCRTD:ftol3.obj
 0001:00006c30       ?dllmain_crt_dispatch@@YGHQAUHINSTANCE__@@KQAX@Z 10007c30 f   MSVCRTD:dll_dllmain.obj
 0001:00006c9c       $LN11                      10007c9c     MSVCRTD:dll_dllmain.obj
 0001:00006cd0       ?dllmain_crt_process_attach@@YAHQAUHINSTANCE__@@QAX@Z 10007cd0 f   MSVCRTD:dll_dllmain.obj
 0001:00006ea0       ?dllmain_crt_process_detach@@YAH_N@Z 10007ea0 f   MSVCRTD:dll_dllmain.obj
 0001:00006fb0       ?dllmain_dispatch@@YAHQAUHINSTANCE__@@KQAX@Z 10007fb0 f   MSVCRTD:dll_dllmain.obj
 0001:000071a0       ?dllmain_raw@@YGHQAUHINSTANCE__@@KQAX@Z 100081a0 f   MSVCRTD:dll_dllmain.obj
 0001:00007a40       ___get_entropy             10008a40 f   MSVCRTD:gs_support.obj
 0001:00007c30       ?find_pe_section@@YAPAU_IMAGE_SECTION_HEADER@@QAEI@Z 10008c30 f   MSVCRTD:utility.obj
 0001:00007cf0       ?is_potentially_valid_image_base@@YA_NQAX@Z 10008cf0 f   MSVCRTD:utility.obj
 0002:00000868       _yytranslate               1000c868     grammar.obj
 0002:00000980       _yypact                    1000c980     grammar.obj
 0002:000009b0       _yydefact                  1000c9b0     grammar.obj
 0002:000009e0       _yypgoto                   1000c9e0     grammar.obj
 0002:000009f4       _yydefgoto                 1000c9f4     grammar.obj
 0002:00000a08       _yytable                   1000ca08     grammar.obj
 0002:00000a2c       _yycheck                   1000ca2c     grammar.obj
 0002:00000a50       _yyr1                      1000ca50     grammar.obj
 0002:00000a7c       _yyr2                      1000ca7c     grammar.obj
 0002:00000c18       _yy_accept                 1000cc18     scanner.obj
 0002:00000ce8       _yy_ec                     1000cce8     scanner.obj
 0002:00000de8       _yy_meta                   1000cde8     scanner.obj
 0002:00000e20       _yy_base                   1000ce20     scanner.obj
 0002:00000f08       _yy_def                    1000cf08     scanner.obj
 0002:00000ff0       _yy_nxt                    1000cff0     scanner.obj
 0002:000011f0       _yy_chk                    1000d1f0     scanner.obj
 0002:000013f0       _yy_rule_can_match_eol     1000d3f0     scanner.obj
 0002:000018d0       _NaN                       1000d8d0     MSVCRTD:ftol3.obj
 0002:000018d4       _onept5                    1000d8d4     MSVCRTD:ftol3.obj
 0002:000018d8       _Int32ToUInt32             1000d8d8     MSVCRTD:ftol3.obj
 0002:000018f0       _GS_ExceptionPointers      1000d8f0     MSVCRTD:gs_report.obj
 0002:000021d0       __sehtable$?dllmain_crt_process_attach@@YAHQAUHINSTANCE__@@QAX@Z 1000e1d0     MSVCRTD:dll_dllmain.obj
 0002:000021f0       __sehtable$?dllmain_crt_process_detach@@YAH_N@Z 1000e1f0     MSVCRTD:dll_dllmain.obj
 0002:00002210       __sehtable$?dllmain_dispatch@@YAHQAUHINSTANCE__@@KQAX@Z 1000e210     MSVCRTD:dll_dllmain.obj
 0002:00002230       __sehtable$___scrt_is_nonwritable_in_current_image 1000e230     MSVCRTD:utility.obj
 0002:00002360       .edata                     1000e360     libconfig.exp
 0002:00002388       rgpv                       1000e388     libconfig.exp
 0002:0000248c       rgszName                   1000e48c     libconfig.exp
 0002:00002590       rgwOrd                     1000e590     libconfig.exp
 0002:00002612       szName                     1000e612     libconfig.exp
 0002:00002622       $N00001                    1000e622     libconfig.exp
 0002:0000262f       $N00002                    1000e62f     libconfig.exp
 0002:0000264b       $N00003                    1000e64b     libconfig.exp
 0002:0000265a       $N00004                    1000e65a     libconfig.exp
 0002:00002675       $N00005                    1000e675     libconfig.exp
 0002:00002687       $N00006                    1000e687     libconfig.exp
 0002:0000269a       $N00007                    1000e69a     libconfig.exp
 0002:000026af       $N00008                    1000e6af     libconfig.exp
 0002:000026bb       $N00009                    1000e6bb     libconfig.exp
 0002:000026c9       $N00010                    1000e6c9     libconfig.exp
 0002:000026dc       $N00011                    1000e6dc     libconfig.exp
 0002:000026f0       $N00012                    1000e6f0     libconfig.exp
 0002:00002702       $N00013                    1000e702     libconfig.exp
 0002:00002716       $N00014                    1000e716     libconfig.exp
 0002:0000272b       $N00015                    1000e72b     libconfig.exp
 0002:00002737       $N00016                    1000e737     libconfig.exp
 0002:00002748       $N00017                    1000e748     libconfig.exp
 0002:0000275b       $N00018                    1000e75b     libconfig.exp
 0002:00002771       $N00019                    1000e771     libconfig.exp
 0002:0000278c       $N00020                    1000e78c     libconfig.exp
 0002:0000279c       $N00021                    1000e79c     libconfig.exp
 0002:000027b3       $N00022                    1000e7b3     libconfig.exp
 0002:000027cb       $N00023                    1000e7cb     libconfig.exp
 0002:000027dd       $N00024                    1000e7dd     libconfig.exp
 0002:000027f0       $N00025                    1000e7f0     libconfig.exp
 0002:00002805       $N00026                    1000e805     libconfig.exp
 0002:00002818       $N00027                    1000e818     libconfig.exp
 0002:00002830       $N00028                    1000e830     libconfig.exp
 0002:0000284d       $N00029                    1000e84d     libconfig.exp
 0002:00002865       $N00030                    1000e865     libconfig.exp
 0002:0000287e       $N00031                    1000e87e     libconfig.exp
 0002:0000289c       $N00032                    1000e89c     libconfig.exp
 0002:000028b6       $N00033                    1000e8b6     libconfig.exp
 0002:000028cd       $N00034                    1000e8cd     libconfig.exp
 0002:000028e6       $N00035                    1000e8e6     libconfig.exp
 0002:00002904       $N00036                    1000e904     libconfig.exp
 0002:00002920       $N00037                    1000e920     libconfig.exp
 0002:0000293a       $N00038                    1000e93a     libconfig.exp
 0002:00002954       $N00039                    1000e954     libconfig.exp
 0002:00002973       $N00040                    1000e973     libconfig.exp
 0002:00002988       $N00041                    1000e988     libconfig.exp
 0002:000029a4       $N00042                    1000e9a4     libconfig.exp
 0002:000029bd       $N00043                    1000e9bd     libconfig.exp
 0002:000029d3       $N00044                    1000e9d3     libconfig.exp
 0002:000029e9       $N00045                    1000e9e9     libconfig.exp
 0002:00002a04       $N00046                    1000ea04     libconfig.exp
 0002:00002a20       $N00047                    1000ea20     libconfig.exp
 0002:00002a3a       $N00048                    1000ea3a     libconfig.exp
 0002:00002a56       $N00049                    1000ea56     libconfig.exp
 0002:00002a73       $N00050                    1000ea73     libconfig.exp
 0002:00002a89       $N00051                    1000ea89     libconfig.exp
 0002:00002aa4       $N00052                    1000eaa4     libconfig.exp
 0002:00002abc       $N00053                    1000eabc     libconfig.exp
 0002:00002ad9       $N00054                    1000ead9     libconfig.exp
 0002:00002af2       $N00055                    1000eaf2     libconfig.exp
 0002:00002b10       $N00056                    1000eb10     libconfig.exp
 0002:00002b2a       $N00057                    1000eb2a     libconfig.exp
 0002:00002b42       $N00058                    1000eb42     libconfig.exp
 0002:00002b59       $N00059                    1000eb59     libconfig.exp
 0002:00002b72       $N00060                    1000eb72     libconfig.exp
 0002:00002b90       $N00061                    1000eb90     libconfig.exp
 0002:00002bac       $N00062                    1000ebac     libconfig.exp
 0002:00002bc6       $N00063                    1000ebc6     libconfig.exp
 0002:00002be5       $N00064                    1000ebe5     libconfig.exp
 0002:00002bf2       $N00065                    1000ebf2     libconfig.exp
 0003:00000000       _err_array_elem_type       1000f000     grammar.obj
 0003:00000004       _err_duplicate_setting     1000f004     grammar.obj
 0003:0000000c       ___io_error                1000f00c     libconfig.obj
 0003:00000010       _err_bad_include           1000f010     scanctx.obj
 0003:00000014       _err_include_too_deep      1000f014     scanctx.obj
 0003:00000148       ?yyval_default@?1??libconfig_yyparse@@9@9 1000f148     grammar.obj
 0003:00000154       ?__proc_attached@@3HA      1000f154     MSVCRTD:dll_dllmain.obj
 0003:00000158       _GS_ExceptionRecord        1000f158     MSVCRTD:gs_report.obj
 0003:000001a8       _GS_ContextRecord          1000f1a8     MSVCRTD:gs_report.obj
 0003:00000554       ?is_initialized_as_dll@@3_NA 1000f554     MSVCRTD:utility.obj
 0003:00000555       ?module_local_atexit_table_initialized@@3_NA 1000f555     MSVCRTD:utility.obj
 0003:00000558       ?module_local_atexit_table@@3U_onexit_table_t@@A 1000f558     MSVCRTD:utility.obj
 0003:00000564       ?module_local_at_quick_exit_table@@3U_onexit_table_t@@A 1000f564     MSVCRTD:utility.obj
 0004:0000046e       .idata$6                   1001046e     Shlwapi:SHLWAPI.dll
 0004:0000049e       .idata$6                   1001049e     kernel32:KERNEL32.dll
 0004:00000542       .idata$6                   10010542     vcruntimed:VCRUNTIME140D.dll
 0004:000007ce       .idata$6                   100107ce     ucrtd:ucrtbased.dll
 0006:00000170       $R000000                   10012170     * linker generated manifest res *

 Exports

  ordinal    name

        1    _config_clear
               exported name: config_clear
        2    _config_default_include_func
               exported name: config_default_include_func
        3    _config_destroy
               exported name: config_destroy
        4    _config_get_float_precision
               exported name: config_get_float_precision
        5    _config_get_option
               exported name: config_get_option
        6    _config_get_options
               exported name: config_get_options
        7    _config_get_tab_width
               exported name: config_get_tab_width
        8    _config_init
               exported name: config_init
        9    _config_lookup
               exported name: config_lookup
       10    _config_lookup_bool
               exported name: config_lookup_bool
       11    _config_lookup_float
               exported name: config_lookup_float
       12    _config_lookup_int
               exported name: config_lookup_int
       13    _config_lookup_int64
               exported name: config_lookup_int64
       14    _config_lookup_string
               exported name: config_lookup_string
       15    _config_read
               exported name: config_read
       16    _config_read_file
               exported name: config_read_file
       17    _config_read_string
               exported name: config_read_string
       18    _config_set_destructor
               exported name: config_set_destructor
       19    _config_set_float_precision
               exported name: config_set_float_precision
       20    _config_set_hook
               exported name: config_set_hook
       21    _config_set_include_dir
               exported name: config_set_include_dir
       22    _config_set_include_func
               exported name: config_set_include_func
       23    _config_set_option
               exported name: config_set_option
       24    _config_set_options
               exported name: config_set_options
       25    _config_set_tab_width
               exported name: config_set_tab_width
       26    _config_setting_add
               exported name: config_setting_add
       27    _config_setting_get_bool
               exported name: config_setting_get_bool
       28    _config_setting_get_bool_elem
               exported name: config_setting_get_bool_elem
       29    _config_setting_get_elem
               exported name: config_setting_get_elem
       30    _config_setting_get_float
               exported name: config_setting_get_float
       31    _config_setting_get_float_elem
               exported name: config_setting_get_float_elem
       32    _config_setting_get_format
               exported name: config_setting_get_format
       33    _config_setting_get_int
               exported name: config_setting_get_int
       34    _config_setting_get_int64
               exported name: config_setting_get_int64
       35    _config_setting_get_int64_elem
               exported name: config_setting_get_int64_elem
       36    _config_setting_get_int_elem
               exported name: config_setting_get_int_elem
       37    _config_setting_get_member
               exported name: config_setting_get_member
       38    _config_setting_get_string
               exported name: config_setting_get_string
       39    _config_setting_get_string_elem
               exported name: config_setting_get_string_elem
       40    _config_setting_index
               exported name: config_setting_index
       41    _config_setting_is_aggregate
               exported name: config_setting_is_aggregate
       42    _config_setting_is_scalar
               exported name: config_setting_is_scalar
       43    _config_setting_length
               exported name: config_setting_length
       44    _config_setting_lookup
               exported name: config_setting_lookup
       45    _config_setting_lookup_bool
               exported name: config_setting_lookup_bool
       46    _config_setting_lookup_float
               exported name: config_setting_lookup_float
       47    _config_setting_lookup_int
               exported name: config_setting_lookup_int
       48    _config_setting_lookup_int64
               exported name: config_setting_lookup_int64
       49    _config_setting_lookup_string
               exported name: config_setting_lookup_string
       50    _config_setting_remove
               exported name: config_setting_remove
       51    _config_setting_remove_elem
               exported name: config_setting_remove_elem
       52    _config_setting_set_bool
               exported name: config_setting_set_bool
       53    _config_setting_set_bool_elem
               exported name: config_setting_set_bool_elem
       54    _config_setting_set_float
               exported name: config_setting_set_float
       55    _config_setting_set_float_elem
               exported name: config_setting_set_float_elem
       56    _config_setting_set_format
               exported name: config_setting_set_format
       57    _config_setting_set_hook
               exported name: config_setting_set_hook
       58    _config_setting_set_int
               exported name: config_setting_set_int
       59    _config_setting_set_int64
               exported name: config_setting_set_int64
       60    _config_setting_set_int64_elem
               exported name: config_setting_set_int64_elem
       61    _config_setting_set_int_elem
               exported name: config_setting_set_int_elem
       62    _config_setting_set_string
               exported name: config_setting_set_string
       63    _config_setting_set_string_elem
               exported name: config_setting_set_string_elem
       64    _config_write
               exported name: config_write
       65    _config_write_file
               exported name: config_write_file
